Success for https://router.huggingface.co/v1: Hello. Is there something
Error for https://router.huggingface.co/hf-inference/v1: 404 Not Found
